2025-06-10 14:46:48,211 - INFO - 开始处理目录: /Users/mark/projects/my-docusaurus/my-website/my-documents/blog
2025-06-10 14:46:48,214 - INFO - 为日期后添加分隔符: 2025-01-20 -> 2025-01-20-豆包实时语音大模型上线即开放！情商智商双高
2025-06-10 14:46:48,214 - INFO - 为日期后添加分隔符: 2025-05-13 -> 2025-05-13-Seed1.5-VL视觉-语言多模态大模型
2025-06-10 14:46:48,214 - INFO - 为日期后添加分隔符: 2024-06-25 -> 2024-06-25-耳朵没错,是声音太真了,字节豆包语音合成成果Seed-TTS技术揭秘
2025-06-10 14:46:48,215 - INFO - 为日期后添加分隔符: 2025-04-16 -> 2025-04-16-当腾讯出手元宝,我在插件审核三进三出
2025-06-10 14:46:48,215 - INFO - 为日期后添加分隔符: 2024-10-06 -> 2024-10-06-乔布斯对我最深的影响
2025-06-10 14:46:48,215 - INFO - 为日期后添加分隔符: 2025-04-15 -> 2025-04-15-今天,我用AI做了这四件事
2025-06-10 14:46:48,216 - INFO - 为日期后添加分隔符: 2025-05-07 -> 2025-05-07-董科含
2025-06-10 14:46:48,216 - INFO - 为日期后添加分隔符: 2025-05-06 -> 2025-05-06-巴菲特2025股东会
2025-06-10 14:46:48,216 - INFO - 为日期后添加分隔符: 2025-04-24 -> 2025-04-24-_提示词
2025-06-10 14:46:48,216 - INFO - 为日期后添加分隔符: 2025-01-09 -> 2025-01-09-我写了一个让AI读懂隐藏文件的VSCode插件(2小时)
2025-06-10 14:46:48,216 - INFO - 为日期后添加分隔符: 2025-01-12 -> 2025-01-12-给大家介绍OhMyPrompt-AIIDE专用多prompt管理系统,支持跨IDE、一键切换、智能同步✨
2025-06-10 14:46:48,216 - INFO - 为日期后添加分隔符: 2025-04-16 -> 2025-04-16-当腾讯出手元宝,我在插件审核三进三出
2025-06-10 14:46:48,216 - INFO - 为日期后添加分隔符: 2024-09-28 -> 2024-09-28-如何高效制作一张公司透视表
2025-06-10 14:46:48,216 - INFO - 为日期后添加分隔符: 2025-04-15 -> 2025-04-15-今天,我用AI做了这四件事
2025-06-10 14:46:48,217 - INFO - 为日期后添加分隔符: 2024-06-09 -> 2024-06-09-下一个改变世界的机会
2025-06-10 14:46:48,217 - INFO - 为日期后添加分隔符: 2024-10-01 -> 2024-10-01-十月,请向我开炮
2025-06-10 14:46:48,217 - INFO - 为日期后添加分隔符: 2024-05-01 -> 2024-05-01-写在至暗的旷野
2025-06-10 14:46:48,217 - INFO - 为日期后添加分隔符: 2024-05-08 -> 2024-05-08-佛陀的智慧,神明的赐赠
2025-06-10 14:46:48,217 - INFO - 为日期后添加分隔符: 2024-05-26 -> 2024-05-26-从人走向AI-一种冰冷的思考
2025-06-10 14:46:48,217 - INFO - 为日期后添加分隔符: 2024-10-08 -> 2024-10-08-RespecttotheFounders
2025-06-10 14:46:48,217 - INFO - 为日期后添加分隔符: 2024-06-23 -> 2024-06-23-我最大的弱点
2025-06-10 14:46:48,217 - INFO - 为日期后添加分隔符: 2024-12-31 -> 2024-12-31-送给开发者的新年礼物-OhMyCommit！
2025-06-10 14:46:48,217 - INFO - 为日期后添加分隔符: 2024-10-04 -> 2024-10-04-我的集中问题
2025-06-10 14:46:48,217 - INFO - 为日期后添加分隔符: 04-10 -> 04-10-一生奔向北方,却见南川
2025-06-10 14:46:48,217 - INFO - 为日期后添加分隔符: 2024-09-28 -> 2024-09-28-如何高效制作一张公司透视表
2025-06-10 14:46:48,217 - INFO - 为日期后添加分隔符: 2024-09-18 -> 2024-09-18-奥森跑步五公里有感
2025-06-10 14:46:48,217 - INFO - 为日期后添加分隔符: 2024-10-03 -> 2024-10-03-我开源了三个小插件,也许能提高一点你用大模型产品的效率
2025-06-10 14:46:48,217 - INFO - 重命名: 12-19-十年 —— 一位自学者、技术工作者、理想主义者的独白.md -> 12-19-十年-一位自学者、技术工作者、理想主义者的独白.md
2025-06-10 14:46:48,217 - INFO - 重命名: 08-31-Poketto.AI 每一个人的哆啦A梦.md -> 08-31-Poketto.AI每一个人的哆啦A梦.md
2025-06-10 14:46:48,218 - INFO - 重命名: 10-28-人生 | 五台山论道（节选自《遥远的救世主》）.md -> 10-28-人生|五台山论道(节选自《遥远的救世主》).md
2025-06-10 14:46:48,218 - INFO - 重命名: 09-12-BUG FIX.md -> 09-12-BUGFIX.md
2025-06-10 14:46:48,218 - INFO - 
============================================================
2025-06-10 14:46:48,218 - INFO - 处理完成报告
2025-06-10 14:46:48,218 - INFO - ============================================================
2025-06-10 14:46:48,218 - INFO - 
成功重命名 4 个项目:
2025-06-10 14:46:48,218 - INFO -   12-19-十年 —— 一位自学者、技术工作者、理想主义者的独白.md -> 12-19-十年-一位自学者、技术工作者、理想主义者的独白.md
2025-06-10 14:46:48,218 - INFO -   08-31-Poketto.AI 每一个人的哆啦A梦.md -> 08-31-Poketto.AI每一个人的哆啦A梦.md
2025-06-10 14:46:48,218 - INFO -   10-28-人生 | 五台山论道（节选自《遥远的救世主》）.md -> 10-28-人生|五台山论道(节选自《遥远的救世主》).md
2025-06-10 14:46:48,218 - INFO -   09-12-BUG FIX.md -> 09-12-BUGFIX.md
2025-06-10 14:46:48,218 - INFO - ============================================================
2025-06-10 14:46:48,218 - INFO - 脚本执行完成
2025-06-10 14:48:16,654 - INFO - 开始处理目录: /Users/mark/projects/my-docusaurus/my-website/my-documents/blog
2025-06-10 14:48:16,658 - INFO - 为日期后添加分隔符: 2025-01-20 -> 2025-01-20-豆包实时语音大模型上线即开放！情商智商双高
2025-06-10 14:48:16,658 - INFO - 重命名: 2025-01-20豆包实时语音大模型上线即开放！情商智商双高.md -> 2025-01-20-豆包实时语音大模型上线即开放！情商智商双高.md
2025-06-10 14:48:16,658 - INFO - 为日期后添加分隔符: 2025-05-13 -> 2025-05-13-Seed1.5-VL视觉-语言多模态大模型
2025-06-10 14:48:16,658 - INFO - 重命名: 2025-05-13Seed1.5-VL视觉-语言多模态大模型.md -> 2025-05-13-Seed1.5-VL视觉-语言多模态大模型.md
2025-06-10 14:48:16,658 - INFO - 为日期后添加分隔符: 2024-06-25 -> 2024-06-25-耳朵没错,是声音太真了,字节豆包语音合成成果Seed-TTS技术揭秘
2025-06-10 14:48:16,658 - INFO - 重命名: 2024-06-25耳朵没错,是声音太真了,字节豆包语音合成成果Seed-TTS技术揭秘.md -> 2024-06-25-耳朵没错,是声音太真了,字节豆包语音合成成果Seed-TTS技术揭秘.md
2025-06-10 14:48:16,658 - INFO - 重命名: 从浏览到行动：Fellou，重新定义浏览器的边界.md -> 从浏览到行动-Fellou,重新定义浏览器的边界.md
2025-06-10 14:48:16,659 - INFO - 重命名: .ipynb_checkpoints -> .ipynb-checkpoints
2025-06-10 14:48:16,659 - INFO - 重命名: 最后的华尔兹：巴菲特2025年股东大会的非凡篇章.md -> 最后的华尔兹-巴菲特2025年股东大会的非凡篇章.md
2025-06-10 14:48:16,659 - INFO - 重命名: 建议别再说“第一性原理”了，否则会暴露自己的智商.md -> 建议别再说“第一性原理”了,否则会暴露自己的智商.md
2025-06-10 14:48:16,659 - INFO - 为日期后添加分隔符: 2025-04-16 -> 2025-04-16-当腾讯出手元宝,我在插件审核三进三出
2025-06-10 14:48:16,660 - INFO - 重命名: 2025-04-16当腾讯出手元宝,我在插件审核三进三出.md -> 2025-04-16-当腾讯出手元宝,我在插件审核三进三出.md
2025-06-10 14:48:16,660 - INFO - 重命名: 这事也不难。.md -> 这事也不难..md
2025-06-10 14:48:16,660 - INFO - 重命名: 年轻人涌入“中国硅谷”：补贴百万，8分钟到账.md -> 年轻人涌入“中国硅谷”-补贴百万,8分钟到账.md
2025-06-10 14:48:16,660 - INFO - 重命名: 5年千亿估值，清华系大模型的崛起之路.md -> 5年千亿估值,清华系大模型的崛起之路.md
2025-06-10 14:48:16,660 - INFO - 为日期后添加分隔符: 2024-10-06 -> 2024-10-06-乔布斯对我最深的影响
2025-06-10 14:48:16,660 - INFO - 重命名: 2024-10-06乔布斯对我最深的影响.md -> 2024-10-06-乔布斯对我最深的影响.md
2025-06-10 14:48:16,660 - INFO - 重命名: 读《增强人的智能：一个概念框架》.md -> 读《增强人的智能-一个概念框架》.md
2025-06-10 14:48:16,660 - INFO - 为日期后添加分隔符: 2025-04-15 -> 2025-04-15-今天,我用AI做了这四件事
2025-06-10 14:48:16,660 - INFO - 重命名: 2025-04-15今天,我用AI做了这四件事.md -> 2025-04-15-今天,我用AI做了这四件事.md
2025-06-10 14:48:16,660 - INFO - 重命名: 冲上热搜！“何同学”言论惹众怒，一夜掉粉过万.md -> 冲上热搜！“何同学”言论惹众怒,一夜掉粉过万.md
2025-06-10 14:48:16,661 - INFO - 重命名: Supabase实战03：跨应用表设计最佳实践.md -> Supabase实战03-跨应用表设计最佳实践.md
2025-06-10 14:48:16,661 - INFO - 重命名: mark_mbti.md -> mark-mbti.md
2025-06-10 14:48:16,661 - INFO - 为日期后添加分隔符: 2025-05-07 -> 2025-05-07-董科含
2025-06-10 14:48:16,661 - INFO - 重命名: 2025-05-07董科含 -> 2025-05-07-董科含
2025-06-10 14:48:16,662 - INFO - 为日期后添加分隔符: 2025-05-06 -> 2025-05-06-巴菲特2025股东会
2025-06-10 14:48:16,662 - INFO - 重命名: 2025-05-06巴菲特2025股东会 -> 2025-05-06-巴菲特2025股东会
2025-06-10 14:48:16,662 - INFO - 为日期后添加分隔符: 2025-04-24 -> 2025-04-24-_提示词
2025-06-10 14:48:16,662 - INFO - 重命名: 2025-04-24_提示词 -> 2025-04-24-提示词
2025-06-10 14:48:16,662 - INFO - 为日期后添加分隔符: 2025-01-09 -> 2025-01-09-我写了一个让AI读懂隐藏文件的VSCode插件(2小时)
2025-06-10 14:48:16,662 - INFO - 重命名: 2025-01-09我写了一个让AI读懂隐藏文件的VSCode插件(2小时).md -> 2025-01-09-我写了一个让AI读懂隐藏文件的VSCode插件(2小时).md
2025-06-10 14:48:16,662 - INFO - 为日期后添加分隔符: 2025-01-12 -> 2025-01-12-给大家介绍OhMyPrompt-AIIDE专用多prompt管理系统,支持跨IDE、一键切换、智能同步✨
2025-06-10 14:48:16,662 - INFO - 重命名: 2025-01-12给大家介绍OhMyPrompt-AIIDE专用多prompt管理系统,支持跨IDE、一键切换、智能同步✨.md -> 2025-01-12-给大家介绍OhMyPrompt-AIIDE专用多prompt管理系统,支持跨IDE、一键切换、智能同步✨.md
2025-06-10 14:48:16,663 - INFO - 为日期后添加分隔符: 2025-04-16 -> 2025-04-16-当腾讯出手元宝,我在插件审核三进三出
2025-06-10 14:48:16,663 - INFO - 重命名: 2025-04-16当腾讯出手元宝,我在插件审核三进三出 -> 2025-04-16-当腾讯出手元宝,我在插件审核三进三出
2025-06-10 14:48:16,663 - INFO - 为日期后添加分隔符: 2024-09-28 -> 2024-09-28-如何高效制作一张公司透视表
2025-06-10 14:48:16,663 - INFO - 重命名: 2024-09-28如何高效制作一张公司透视表.md -> 2024-09-28-如何高效制作一张公司透视表.md
2025-06-10 14:48:16,663 - INFO - 为日期后添加分隔符: 2025-04-15 -> 2025-04-15-今天,我用AI做了这四件事
2025-06-10 14:48:16,663 - INFO - 重命名: 2025-04-15今天,我用AI做了这四件事 -> 2025-04-15-今天,我用AI做了这四件事
2025-06-10 14:48:16,664 - INFO - 为日期后添加分隔符: 2024-06-09 -> 2024-06-09-下一个改变世界的机会
2025-06-10 14:48:16,664 - INFO - 重命名: 2024-06-09下一个改变世界的机会.md -> 2024-06-09-下一个改变世界的机会.md
2025-06-10 14:48:16,664 - INFO - 为日期后添加分隔符: 2024-10-01 -> 2024-10-01-十月,请向我开炮
2025-06-10 14:48:16,664 - INFO - 重命名: 2024-10-01十月,请向我开炮.md -> 2024-10-01-十月,请向我开炮.md
2025-06-10 14:48:16,664 - INFO - 为日期后添加分隔符: 2024-05-01 -> 2024-05-01-写在至暗的旷野
2025-06-10 14:48:16,664 - INFO - 重命名: 2024-05-01写在至暗的旷野.md -> 2024-05-01-写在至暗的旷野.md
2025-06-10 14:48:16,664 - INFO - 为日期后添加分隔符: 2024-05-08 -> 2024-05-08-佛陀的智慧,神明的赐赠
2025-06-10 14:48:16,665 - INFO - 重命名: 2024-05-08佛陀的智慧,神明的赐赠.md -> 2024-05-08-佛陀的智慧,神明的赐赠.md
2025-06-10 14:48:16,665 - INFO - 为日期后添加分隔符: 2024-05-26 -> 2024-05-26-从人走向AI-一种冰冷的思考
2025-06-10 14:48:16,665 - INFO - 重命名: 2024-05-26从人走向AI-一种冰冷的思考.md -> 2024-05-26-从人走向AI-一种冰冷的思考.md
2025-06-10 14:48:16,665 - INFO - 为日期后添加分隔符: 2024-10-08 -> 2024-10-08-RespecttotheFounders
2025-06-10 14:48:16,665 - INFO - 重命名: 2024-10-08RespecttotheFounders.md -> 2024-10-08-RespecttotheFounders.md
2025-06-10 14:48:16,665 - INFO - 为日期后添加分隔符: 2024-06-23 -> 2024-06-23-我最大的弱点
2025-06-10 14:48:16,665 - INFO - 重命名: 2024-06-23我最大的弱点.md -> 2024-06-23-我最大的弱点.md
2025-06-10 14:48:16,665 - INFO - 为日期后添加分隔符: 2024-12-31 -> 2024-12-31-送给开发者的新年礼物-OhMyCommit！
2025-06-10 14:48:16,665 - INFO - 重命名: 2024-12-31送给开发者的新年礼物-OhMyCommit！.md -> 2024-12-31-送给开发者的新年礼物-OhMyCommit！.md
2025-06-10 14:48:16,665 - INFO - 为日期后添加分隔符: 2024-10-04 -> 2024-10-04-我的集中问题
2025-06-10 14:48:16,665 - INFO - 重命名: 2024-10-04我的集中问题.md -> 2024-10-04-我的集中问题.md
2025-06-10 14:48:16,665 - INFO - 为日期后添加分隔符: 04-10 -> 04-10-一生奔向北方,却见南川
2025-06-10 14:48:16,665 - INFO - 重命名: 04-10一生奔向北方,却见南川.md -> 04-10-一生奔向北方,却见南川.md
2025-06-10 14:48:16,665 - INFO - 为日期后添加分隔符: 2024-09-28 -> 2024-09-28-如何高效制作一张公司透视表
2025-06-10 14:48:16,665 - INFO - 重命名: 2024-09-28如何高效制作一张公司透视表.md -> 2024-09-28-如何高效制作一张公司透视表.md
2025-06-10 14:48:16,666 - INFO - 为日期后添加分隔符: 2024-09-18 -> 2024-09-18-奥森跑步五公里有感
2025-06-10 14:48:16,666 - INFO - 重命名: 2024-09-18奥森跑步五公里有感.md -> 2024-09-18-奥森跑步五公里有感.md
2025-06-10 14:48:16,666 - INFO - 为日期后添加分隔符: 2024-10-03 -> 2024-10-03-我开源了三个小插件,也许能提高一点你用大模型产品的效率
2025-06-10 14:48:16,666 - INFO - 重命名: 2024-10-03我开源了三个小插件,也许能提高一点你用大模型产品的效率.md -> 2024-10-03-我开源了三个小插件,也许能提高一点你用大模型产品的效率.md
2025-06-10 14:48:16,666 - INFO - 重命名: 12-27-南川骑行川藏线（下）.md -> 12-27-南川骑行川藏线(下).md
2025-06-10 14:48:16,666 - INFO - 重命名: 12-18-南川骑行川藏线（中）.md -> 12-18-南川骑行川藏线(中).md
2025-06-10 14:48:16,666 - INFO - 重命名: 10-18-王者荣耀打野上分经验总结（全干货）.md -> 10-18-王者荣耀打野上分经验总结(全干货).md
2025-06-10 14:48:16,666 - INFO - 重命名: 11-28-今天南川学习十小时了吗？是的。.md -> 11-28-今天南川学习十小时了吗？是的..md
2025-06-10 14:48:16,666 - INFO - 重命名: 10-27-十月：无题.md -> 10-27-十月-无题.md
2025-06-10 14:48:16,666 - INFO - 重命名: 06-27-毕业一年：我的得与失.md -> 06-27-毕业一年-我的得与失.md
2025-06-10 14:48:16,667 - INFO - 重命名: 09-15-投资：凯利公式.md -> 09-15-投资-凯利公式.md
2025-06-10 14:48:16,667 - INFO - 重命名: 10-16-大学沉思录：意向调查.md -> 10-16-大学沉思录-意向调查.md
2025-06-10 14:48:16,667 - INFO - 重命名: 10-16-大学沉思录：一路失败，我到底学到了什么.md -> 10-16-大学沉思录-一路失败,我到底学到了什么.md
2025-06-10 14:48:16,667 - INFO - 
============================================================
2025-06-10 14:48:16,667 - INFO - 处理完成报告
2025-06-10 14:48:16,667 - INFO - ============================================================
2025-06-10 14:48:16,667 - INFO - 
成功重命名 47 个项目:
2025-06-10 14:48:16,667 - INFO -   2025-01-20豆包实时语音大模型上线即开放！情商智商双高.md -> 2025-01-20-豆包实时语音大模型上线即开放！情商智商双高.md
2025-06-10 14:48:16,667 - INFO -   2025-05-13Seed1.5-VL视觉-语言多模态大模型.md -> 2025-05-13-Seed1.5-VL视觉-语言多模态大模型.md
2025-06-10 14:48:16,667 - INFO -   2024-06-25耳朵没错,是声音太真了,字节豆包语音合成成果Seed-TTS技术揭秘.md -> 2024-06-25-耳朵没错,是声音太真了,字节豆包语音合成成果Seed-TTS技术揭秘.md
2025-06-10 14:48:16,667 - INFO -   从浏览到行动：Fellou，重新定义浏览器的边界.md -> 从浏览到行动-Fellou,重新定义浏览器的边界.md
2025-06-10 14:48:16,667 - INFO -   .ipynb_checkpoints -> .ipynb-checkpoints
2025-06-10 14:48:16,667 - INFO -   最后的华尔兹：巴菲特2025年股东大会的非凡篇章.md -> 最后的华尔兹-巴菲特2025年股东大会的非凡篇章.md
2025-06-10 14:48:16,667 - INFO -   建议别再说“第一性原理”了，否则会暴露自己的智商.md -> 建议别再说“第一性原理”了,否则会暴露自己的智商.md
2025-06-10 14:48:16,667 - INFO -   2025-04-16当腾讯出手元宝,我在插件审核三进三出.md -> 2025-04-16-当腾讯出手元宝,我在插件审核三进三出.md
2025-06-10 14:48:16,667 - INFO -   这事也不难。.md -> 这事也不难..md
2025-06-10 14:48:16,667 - INFO -   年轻人涌入“中国硅谷”：补贴百万，8分钟到账.md -> 年轻人涌入“中国硅谷”-补贴百万,8分钟到账.md
2025-06-10 14:48:16,667 - INFO -   5年千亿估值，清华系大模型的崛起之路.md -> 5年千亿估值,清华系大模型的崛起之路.md
2025-06-10 14:48:16,667 - INFO -   2024-10-06乔布斯对我最深的影响.md -> 2024-10-06-乔布斯对我最深的影响.md
2025-06-10 14:48:16,667 - INFO -   读《增强人的智能：一个概念框架》.md -> 读《增强人的智能-一个概念框架》.md
2025-06-10 14:48:16,667 - INFO -   2025-04-15今天,我用AI做了这四件事.md -> 2025-04-15-今天,我用AI做了这四件事.md
2025-06-10 14:48:16,667 - INFO -   冲上热搜！“何同学”言论惹众怒，一夜掉粉过万.md -> 冲上热搜！“何同学”言论惹众怒,一夜掉粉过万.md
2025-06-10 14:48:16,667 - INFO -   Supabase实战03：跨应用表设计最佳实践.md -> Supabase实战03-跨应用表设计最佳实践.md
2025-06-10 14:48:16,667 - INFO -   mark_mbti.md -> mark-mbti.md
2025-06-10 14:48:16,668 - INFO -   2025-05-07董科含 -> 2025-05-07-董科含
2025-06-10 14:48:16,668 - INFO -   2025-05-06巴菲特2025股东会 -> 2025-05-06-巴菲特2025股东会
2025-06-10 14:48:16,668 - INFO -   2025-04-24_提示词 -> 2025-04-24-提示词
2025-06-10 14:48:16,668 - INFO -   2025-01-09我写了一个让AI读懂隐藏文件的VSCode插件(2小时).md -> 2025-01-09-我写了一个让AI读懂隐藏文件的VSCode插件(2小时).md
2025-06-10 14:48:16,668 - INFO -   2025-01-12给大家介绍OhMyPrompt-AIIDE专用多prompt管理系统,支持跨IDE、一键切换、智能同步✨.md -> 2025-01-12-给大家介绍OhMyPrompt-AIIDE专用多prompt管理系统,支持跨IDE、一键切换、智能同步✨.md
2025-06-10 14:48:16,668 - INFO -   2025-04-16当腾讯出手元宝,我在插件审核三进三出 -> 2025-04-16-当腾讯出手元宝,我在插件审核三进三出
2025-06-10 14:48:16,668 - INFO -   2024-09-28如何高效制作一张公司透视表.md -> 2024-09-28-如何高效制作一张公司透视表.md
2025-06-10 14:48:16,668 - INFO -   2025-04-15今天,我用AI做了这四件事 -> 2025-04-15-今天,我用AI做了这四件事
2025-06-10 14:48:16,668 - INFO -   2024-06-09下一个改变世界的机会.md -> 2024-06-09-下一个改变世界的机会.md
2025-06-10 14:48:16,668 - INFO -   2024-10-01十月,请向我开炮.md -> 2024-10-01-十月,请向我开炮.md
2025-06-10 14:48:16,668 - INFO -   2024-05-01写在至暗的旷野.md -> 2024-05-01-写在至暗的旷野.md
2025-06-10 14:48:16,668 - INFO -   2024-05-08佛陀的智慧,神明的赐赠.md -> 2024-05-08-佛陀的智慧,神明的赐赠.md
2025-06-10 14:48:16,668 - INFO -   2024-05-26从人走向AI-一种冰冷的思考.md -> 2024-05-26-从人走向AI-一种冰冷的思考.md
2025-06-10 14:48:16,668 - INFO -   2024-10-08RespecttotheFounders.md -> 2024-10-08-RespecttotheFounders.md
2025-06-10 14:48:16,668 - INFO -   2024-06-23我最大的弱点.md -> 2024-06-23-我最大的弱点.md
2025-06-10 14:48:16,668 - INFO -   2024-12-31送给开发者的新年礼物-OhMyCommit！.md -> 2024-12-31-送给开发者的新年礼物-OhMyCommit！.md
2025-06-10 14:48:16,668 - INFO -   2024-10-04我的集中问题.md -> 2024-10-04-我的集中问题.md
2025-06-10 14:48:16,668 - INFO -   04-10一生奔向北方,却见南川.md -> 04-10-一生奔向北方,却见南川.md
2025-06-10 14:48:16,668 - INFO -   2024-09-28如何高效制作一张公司透视表.md -> 2024-09-28-如何高效制作一张公司透视表.md
2025-06-10 14:48:16,668 - INFO -   2024-09-18奥森跑步五公里有感.md -> 2024-09-18-奥森跑步五公里有感.md
2025-06-10 14:48:16,668 - INFO -   2024-10-03我开源了三个小插件,也许能提高一点你用大模型产品的效率.md -> 2024-10-03-我开源了三个小插件,也许能提高一点你用大模型产品的效率.md
2025-06-10 14:48:16,668 - INFO -   12-27-南川骑行川藏线（下）.md -> 12-27-南川骑行川藏线(下).md
2025-06-10 14:48:16,668 - INFO -   12-18-南川骑行川藏线（中）.md -> 12-18-南川骑行川藏线(中).md
2025-06-10 14:48:16,668 - INFO -   10-18-王者荣耀打野上分经验总结（全干货）.md -> 10-18-王者荣耀打野上分经验总结(全干货).md
2025-06-10 14:48:16,668 - INFO -   11-28-今天南川学习十小时了吗？是的。.md -> 11-28-今天南川学习十小时了吗？是的..md
2025-06-10 14:48:16,668 - INFO -   10-27-十月：无题.md -> 10-27-十月-无题.md
2025-06-10 14:48:16,668 - INFO -   06-27-毕业一年：我的得与失.md -> 06-27-毕业一年-我的得与失.md
2025-06-10 14:48:16,668 - INFO -   09-15-投资：凯利公式.md -> 09-15-投资-凯利公式.md
2025-06-10 14:48:16,668 - INFO -   10-16-大学沉思录：意向调查.md -> 10-16-大学沉思录-意向调查.md
2025-06-10 14:48:16,668 - INFO -   10-16-大学沉思录：一路失败，我到底学到了什么.md -> 10-16-大学沉思录-一路失败,我到底学到了什么.md
2025-06-10 14:48:16,668 - INFO - ============================================================
2025-06-10 14:48:16,668 - INFO - 脚本执行完成
